// Jest Snapshot v1, https://goo.gl/fbAQLP

exports[`renders without crashing 1`] = `
ShallowWrapper {
  Symbol(enzyme.__root__): [Circular],
  Symbol(enzyme.__unrendered__): <PicGallery
    pic={
      Object {
        "_id": "k12h3jk12hb",
      }
    }
    store={
      Object {
        "clearActions": [Function],
        "dispatch": [Function],
        "getActions": [Function],
        "getState": [Function],
        "replaceReducer": [Function],
        "subscribe": [Function],
      }
    }
  />,
  Symbol(enzyme.__renderer__): Object {
    "batchedUpdates": [Function],
    "getNode": [Function],
    "render": [Function],
    "simulateError": [Function],
    "simulateEvent": [Function],
    "unmount": [Function],
  },
  Symbol(enzyme.__node__): Object {
    "instance": null,
    "key": "k12h3jk12hb",
    "nodeType": "host",
    "props": Object {
      "children": <withRouter(Connect(Pic))
        pic={
          Object {
            "_id": "k12h3jk12hb",
          }
        }
      />,
      "className": "col",
      "id": "k12h3jk12hb",
    },
    "ref": null,
    "rendered": Object {
      "instance": null,
      "key": undefined,
      "nodeType": "function",
      "props": Object {
        "pic": Object {
          "_id": "k12h3jk12hb",
        },
        "withDescription": undefined,
      },
      "ref": null,
      "rendered": null,
      "type": [Function],
    },
    "type": "li",
  },
  Symbol(enzyme.__nodes__): Array [
    Object {
      "instance": null,
      "key": "k12h3jk12hb",
      "nodeType": "host",
      "props": Object {
        "children": <withRouter(Connect(Pic))
          pic={
            Object {
              "_id": "k12h3jk12hb",
            }
          }
        />,
        "className": "col",
        "id": "k12h3jk12hb",
      },
      "ref": null,
      "rendered": Object {
        "instance": null,
        "key": undefined,
        "nodeType": "function",
        "props": Object {
          "pic": Object {
            "_id": "k12h3jk12hb",
          },
          "withDescription": undefined,
        },
        "ref": null,
        "rendered": null,
        "type": [Function],
      },
      "type": "li",
    },
  ],
  Symbol(enzyme.__options__): Object {
    "adapter": ReactSixteenAdapter {
      "options": Object {
        "enableComponentDidUpdateOnSetState": true,
        "lifecycles": Object {
          "componentDidUpdate": Object {
            "onSetState": true,
          },
          "getDerivedStateFromProps": true,
          "getSnapshotBeforeUpdate": true,
          "setState": Object {
            "skipsComponentDidUpdateOnNullish": true,
          },
        },
      },
    },
    "initialState": Object {},
  },
}
`;
