// Jest Snapshot v1, https://goo.gl/fbAQLP

exports[`renders without crashing 1`] = `
ShallowWrapper {
  Symbol(enzyme.__root__): [Circular],
  Symbol(enzyme.__unrendered__): <Comment
    comment={
      Object {
        "user": Object {
          "picProfile": "http://www.pic.com",
        },
      }
    }
    store={
      Object {
        "clearActions": [Function],
        "dispatch": [Function],
        "getActions": [Function],
        "getState": [Function],
        "replaceReducer": [Function],
        "subscribe": [Function],
      }
    }
  />,
  Symbol(enzyme.__renderer__): Object {
    "batchedUpdates": [Function],
    "getNode": [Function],
    "render": [Function],
    "simulateError": [Function],
    "simulateEvent": [Function],
    "unmount": [Function],
  },
  Symbol(enzyme.__node__): Object {
    "instance": null,
    "key": undefined,
    "nodeType": "host",
    "props": Object {
      "children": Array [
        <div
          className="comment-thumbnail-container"
        >
          <Link
            className=""
            replace={false}
            to="/profile/[object Object]"
          >
            <img
              alt="alt"
              className="rounded-circle thumb-comment img-thumbnail"
              src="http://www.pic.com"
            />
          </Link>
        </div>,
        <div
          className="comment-textbox col"
        >
          <div
            className="row"
          >
            <div
              className="col-12 align-left"
            >
              <span />
            </div>
            <div
              className="col-12 align-left"
            />
          </div>
        </div>,
      ],
      "className": "row",
    },
    "ref": null,
    "rendered": Array [
      Object {
        "instance": null,
        "key": undefined,
        "nodeType": "host",
        "props": Object {
          "children": <Link
            className=""
            replace={false}
            to="/profile/[object Object]"
          >
            <img
              alt="alt"
              className="rounded-circle thumb-comment img-thumbnail"
              src="http://www.pic.com"
            />
          </Link>,
          "className": "comment-thumbnail-container",
        },
        "ref": null,
        "rendered": Object {
          "instance": null,
          "key": undefined,
          "nodeType": "class",
          "props": Object {
            "children": <img
              alt="alt"
              className="rounded-circle thumb-comment img-thumbnail"
              src="http://www.pic.com"
            />,
            "className": "",
            "replace": false,
            "to": "/profile/[object Object]",
          },
          "ref": null,
          "rendered": Object {
            "instance": null,
            "key": undefined,
            "nodeType": "host",
            "props": Object {
              "alt": "alt",
              "className": "rounded-circle thumb-comment img-thumbnail",
              "src": "http://www.pic.com",
            },
            "ref": null,
            "rendered": null,
            "type": "img",
          },
          "type": [Function],
        },
        "type": "div",
      },
      Object {
        "instance": null,
        "key": undefined,
        "nodeType": "host",
        "props": Object {
          "children": <div
            className="row"
          >
            <div
              className="col-12 align-left"
            >
              <span />
            </div>
            <div
              className="col-12 align-left"
            />
          </div>,
          "className": "comment-textbox col",
        },
        "ref": null,
        "rendered": Object {
          "instance": null,
          "key": undefined,
          "nodeType": "host",
          "props": Object {
            "children": Array [
              <div
                className="col-12 align-left"
              >
                <span />
              </div>,
              <div
                className="col-12 align-left"
              />,
            ],
            "className": "row",
          },
          "ref": null,
          "rendered": Array [
            Object {
              "instance": null,
              "key": undefined,
              "nodeType": "host",
              "props": Object {
                "children": <span />,
                "className": "col-12 align-left",
              },
              "ref": null,
              "rendered": Object {
                "instance": null,
                "key": undefined,
                "nodeType": "host",
                "props": Object {
                  "children": undefined,
                },
                "ref": null,
                "rendered": null,
                "type": "span",
              },
              "type": "div",
            },
            Object {
              "instance": null,
              "key": undefined,
              "nodeType": "host",
              "props": Object {
                "children": undefined,
                "className": "col-12 align-left",
              },
              "ref": null,
              "rendered": null,
              "type": "div",
            },
          ],
          "type": "div",
        },
        "type": "div",
      },
    ],
    "type": "div",
  },
  Symbol(enzyme.__nodes__): Array [
    Object {
      "instance": null,
      "key": undefined,
      "nodeType": "host",
      "props": Object {
        "children": Array [
          <div
            className="comment-thumbnail-container"
          >
            <Link
              className=""
              replace={false}
              to="/profile/[object Object]"
            >
              <img
                alt="alt"
                className="rounded-circle thumb-comment img-thumbnail"
                src="http://www.pic.com"
              />
            </Link>
          </div>,
          <div
            className="comment-textbox col"
          >
            <div
              className="row"
            >
              <div
                className="col-12 align-left"
              >
                <span />
              </div>
              <div
                className="col-12 align-left"
              />
            </div>
          </div>,
        ],
        "className": "row",
      },
      "ref": null,
      "rendered": Array [
        Object {
          "instance": null,
          "key": undefined,
          "nodeType": "host",
          "props": Object {
            "children": <Link
              className=""
              replace={false}
              to="/profile/[object Object]"
            >
              <img
                alt="alt"
                className="rounded-circle thumb-comment img-thumbnail"
                src="http://www.pic.com"
              />
            </Link>,
            "className": "comment-thumbnail-container",
          },
          "ref": null,
          "rendered": Object {
            "instance": null,
            "key": undefined,
            "nodeType": "class",
            "props": Object {
              "children": <img
                alt="alt"
                className="rounded-circle thumb-comment img-thumbnail"
                src="http://www.pic.com"
              />,
              "className": "",
              "replace": false,
              "to": "/profile/[object Object]",
            },
            "ref": null,
            "rendered": Object {
              "instance": null,
              "key": undefined,
              "nodeType": "host",
              "props": Object {
                "alt": "alt",
                "className": "rounded-circle thumb-comment img-thumbnail",
                "src": "http://www.pic.com",
              },
              "ref": null,
              "rendered": null,
              "type": "img",
            },
            "type": [Function],
          },
          "type": "div",
        },
        Object {
          "instance": null,
          "key": undefined,
          "nodeType": "host",
          "props": Object {
            "children": <div
              className="row"
            >
              <div
                className="col-12 align-left"
              >
                <span />
              </div>
              <div
                className="col-12 align-left"
              />
            </div>,
            "className": "comment-textbox col",
          },
          "ref": null,
          "rendered": Object {
            "instance": null,
            "key": undefined,
            "nodeType": "host",
            "props": Object {
              "children": Array [
                <div
                  className="col-12 align-left"
                >
                  <span />
                </div>,
                <div
                  className="col-12 align-left"
                />,
              ],
              "className": "row",
            },
            "ref": null,
            "rendered": Array [
              Object {
                "instance": null,
                "key": undefined,
                "nodeType": "host",
                "props": Object {
                  "children": <span />,
                  "className": "col-12 align-left",
                },
                "ref": null,
                "rendered": Object {
                  "instance": null,
                  "key": undefined,
                  "nodeType": "host",
                  "props": Object {
                    "children": undefined,
                  },
                  "ref": null,
                  "rendered": null,
                  "type": "span",
                },
                "type": "div",
              },
              Object {
                "instance": null,
                "key": undefined,
                "nodeType": "host",
                "props": Object {
                  "children": undefined,
                  "className": "col-12 align-left",
                },
                "ref": null,
                "rendered": null,
                "type": "div",
              },
            ],
            "type": "div",
          },
          "type": "div",
        },
      ],
      "type": "div",
    },
  ],
  Symbol(enzyme.__options__): Object {
    "adapter": ReactSixteenAdapter {
      "options": Object {
        "enableComponentDidUpdateOnSetState": true,
        "lifecycles": Object {
          "componentDidUpdate": Object {
            "onSetState": true,
          },
          "getDerivedStateFromProps": true,
          "getSnapshotBeforeUpdate": true,
          "setState": Object {
            "skipsComponentDidUpdateOnNullish": true,
          },
        },
      },
    },
    "initialState": Object {},
  },
}
`;
